{"data":{"accounts":{"nodes":[{"id":1,"number":"10000000"},{"id":2,"number":"10000001"},{"id":3,"number":"10000002"}]}}}
